5 + 0 = 5
5 + 0 = 5
5 + 0 = 5
5 + 1 = 6
5 + 1 = 6
5 + 1 = 6
5 + 2 = 7
5 + 2 = 7
5 + 2 = 7
6 + 0 = 6
6 + 0 = 6
6 + 0 = 6
6 + 1 = 7
6 + 1 = 7
6 + 1 = 7
6 + 2 = 8
6 + 2 = 8
6 + 2 = 8
7 + 0 = 7
7 + 0 = 7
7 + 0 = 7
7 + 1 = 8
7 + 1 = 8
7 + 1 = 8
7 + 2 = 9
7 + 2 = 9
7 + 2 = 9
8 + 0 = 8
8 + 0 = 8
8 + 0 = 8
8 + 1 = 9
8 + 1 = 9
8 + 1 = 9
8 + 2 = 10
8 + 2 = 10
8 + 2 = 10
9 + 0 = 9
9 + 0 = 9
9 + 0 = 9
9 + 1 = 10
9 + 1 = 10
9 + 1 = 10
9 + 2 = 11
9 + 2 = 11
9 + 2 = 11
10 + 0 = 10
10 + 0 = 10
10 + 0 = 10
10 + 1 = 11
10 + 1 = 11
10 + 1 = 11
10 + 2 = 12
10 + 2 = 12
10 + 2 = 12
