1
10.0
a
1
10.0
hello world
1
10.0
aaa
2
10.0
a
2
10.0
hello world
2
10.0
aaa
3
10.0
a
3
10.0
hello world
3
10.0
aaa
4
10.0
a
4
10.0
hello world
4
10.0
aaa
5
10.0
a
5
10.0
hello world
5
10.0
aaa
6
10.0
a
6
10.0
hello world
6
10.0
aaa
7
10.0
a
7
10.0
hello world
7
10.0
aaa
8
10.0
a
8
10.0
hello world
8
10.0
aaa
9
10.0
a
9
10.0
hello world
9
10.0
aaa
10
10.0
a
10
10.0
hello world
10
10.0
aaa
1
10.0
a
1
10.0
hello world
1
10.0
aaa
2
10.0
a
2
10.0
hello world
2
10.0
aaa
3
10.0
a
3
10.0
hello world
3
10.0
aaa
4
10.0
a
4
10.0
hello world
4
10.0
aaa
5
10.0
a
5
10.0
hello world
5
10.0
aaa
6
10.0
a
6
10.0
hello world
6
10.0
aaa
7
10.0
a
7
10.0
hello world
7
10.0
aaa
8
10.0
a
8
10.0
hello world
8
10.0
aaa
9
10.0
a
9
10.0
hello world
9
10.0
aaa
10
10.0
a
10
10.0
hello world
10
10.0
aaa
1
10.0
a
1
10.0
hello world
1
10.0
aaa
2
10.0
a
2
10.0
hello world
2
10.0
aaa
3
10.0
a
3
10.0
hello world
3
10.0
aaa
4
10.0
a
4
10.0
hello world
4
10.0
aaa
5
10.0
a
5
10.0
hello world
5
10.0
aaa
6
10.0
a
6
10.0
hello world
6
10.0
aaa
7
10.0
a
7
10.0
hello world
7
10.0
aaa
8
10.0
a
8
10.0
hello world
8
10.0
aaa
9
10.0
a
9
10.0
hello world
9
10.0
aaa
10
10.0
a
10
10.0
hello world
10
10.0
aaa
1
10.0
a
1
10.0
hello world
1
10.0
aaa
2
10.0
a
2
10.0
hello world
2
10.0
aaa
3
10.0
a
3
10.0
hello world
3
10.0
aaa
4
10.0
a
4
10.0
hello world
4
10.0
aaa
5
10.0
a
5
10.0
hello world
5
10.0
aaa
6
10.0
a
6
10.0
hello world
6
10.0
aaa
7
10.0
a
7
10.0
hello world
7
10.0
aaa
8
10.0
a
8
10.0
hello world
8
10.0
aaa
9
10.0
a
9
10.0
hello world
9
10.0
aaa
10
10.0
a
10
10.0
hello world
10
10.0
aaa
1
10.0
a
1
10.0
hello world
1
10.0
aaa
2
10.0
a
2
10.0
hello world
2
10.0
aaa
3
10.0
a
3
10.0
hello world
3
10.0
aaa
4
10.0
a
4
10.0
hello world
4
10.0
aaa
5
10.0
a
5
10.0
hello world
5
10.0
aaa
6
10.0
a
6
10.0
hello world
6
10.0
aaa
7
10.0
a
7
10.0
hello world
7
10.0
aaa
8
10.0
a
8
10.0
hello world
8
10.0
aaa
9
10.0
a
9
10.0
hello world
9
10.0
aaa
10
10.0
a
10
10.0
hello world
10
10.0
aaa
1
10.0
a
1
10.0
hello world
1
10.0
aaa
2
10.0
a
2
10.0
hello world
2
10.0
aaa
3
10.0
a
3
10.0
hello world
3
10.0
aaa
4
10.0
a
4
10.0
hello world
4
10.0
aaa
5
10.0
a
5
10.0
hello world
5
10.0
aaa
6
10.0
a
6
10.0
hello world
6
10.0
aaa
7
10.0
a
7
10.0
hello world
7
10.0
aaa
8
10.0
a
8
10.0
hello world
8
10.0
aaa
9
10.0
a
9
10.0
hello world
9
10.0
aaa
10
10.0
a
10
10.0
hello world
10
10.0
aaa
