1
a
1
b
1
helolo world
1
fff
2
a
2
b
2
helolo world
2
fff
3
a
3
b
3
helolo world
3
fff
4
a
4
b
4
helolo world
4
fff
5
a
5
b
5
helolo world
5
fff
6
a
6
b
6
helolo world
6
fff
7
a
7
b
7
helolo world
7
fff
8
a
8
b
8
helolo world
8
fff
9
a
9
b
9
helolo world
9
fff
10
a
10
b
10
helolo world
10
fff
1
a
1
b
1
helolo world
1
fff
2
a
2
b
2
helolo world
2
fff
3
a
3
b
3
helolo world
3
fff
4
a
4
b
4
helolo world
4
fff
5
a
5
b
5
helolo world
5
fff
6
a
6
b
6
helolo world
6
fff
7
a
7
b
7
helolo world
7
fff
8
a
8
b
8
helolo world
8
fff
9
a
9
b
9
helolo world
9
fff
10
a
10
b
10
helolo world
10
fff
1
a
1
b
1
helolo world
1
fff
2
a
2
b
2
helolo world
2
fff
3
a
3
b
3
helolo world
3
fff
4
a
4
b
4
helolo world
4
fff
5
a
5
b
5
helolo world
5
fff
6
a
6
b
6
helolo world
6
fff
7
a
7
b
7
helolo world
7
fff
8
a
8
b
8
helolo world
8
fff
9
a
9
b
9
helolo world
9
fff
10
a
10
b
10
helolo world
10
fff
1
a
1
b
1
helolo world
1
fff
2
a
2
b
2
helolo world
2
fff
3
a
3
b
3
helolo world
3
fff
4
a
4
b
4
helolo world
4
fff
5
a
5
b
5
helolo world
5
fff
6
a
6
b
6
helolo world
6
fff
7
a
7
b
7
helolo world
7
fff
8
a
8
b
8
helolo world
8
fff
9
a
9
b
9
helolo world
9
fff
10
a
10
b
10
helolo world
10
fff
1
a
1
b
1
helolo world
1
fff
2
a
2
b
2
helolo world
2
fff
3
a
3
b
3
helolo world
3
fff
4
a
4
b
4
helolo world
4
fff
5
a
5
b
5
helolo world
5
fff
6
a
6
b
6
helolo world
6
fff
7
a
7
b
7
helolo world
7
fff
8
a
8
b
8
helolo world
8
fff
9
a
9
b
9
helolo world
9
fff
10
a
10
b
10
helolo world
10
fff
1
a
1
b
1
helolo world
1
fff
2
a
2
b
2
helolo world
2
fff
3
a
3
b
3
helolo world
3
fff
4
a
4
b
4
helolo world
4
fff
5
a
5
b
5
helolo world
5
fff
6
a
6
b
6
helolo world
6
fff
7
a
7
b
7
helolo world
7
fff
8
a
8
b
8
helolo world
8
fff
9
a
9
b
9
helolo world
9
fff
10
a
10
b
10
helolo world
10
fff
