4
bar
4
4
4
5
bar
5
5
5
6
bar
6
6
6
14
bar
14
bar
15
bar
24
bar
bar
bar
bar
bar
bar
0
bar
0
0
0
bar
bar
bar
