4
bar
4
4
tre
4
5
bar
5
5
5
tre
6
bar
6
6
tre
6
14
bar
tre
bar
15
tre
bar
tre
24
bar
tre
bar
tre
bar
tre
bar
tre
bar
tre
bar
tre
0
bar
0
0
tre
0
bar
tre
bar
tre
bar
tre
